================================================================
 BDB-Guardian :: scan 20260919-215822
================================================================

[*] Volume C: -> \Device\HarddiskVolume3
[*] MRT: C:\Windows\System32\MRT.exe
[*] Hidden-temp threshold: 1024 MB | time-box: 100 s

[1/3] Restart Manager on MRT.exe...
      0 process(es) holding MRT open (0,0 s)
[2/3] Volume handle scan (parallel)...
      PIDs: 344/344 in 47,7 s | matches: 8

----- HANDLE FINDINGS -----
[Info/whitelist: OS service with legitimate volume handle] VOLUME_HANDLE :: PID 3152 (svchost) handle 744
      Path: C:\WINDOWS\system32\svchost.exe
      Obj : \Device\HarddiskVolume3
[Info/whitelist: OS service with legitimate volume handle] VOLUME_HANDLE :: PID 4892 (svchost) handle 460
      Path: C:\WINDOWS\System32\svchost.exe
      Obj : \Device\HarddiskVolume3
[Info/whitelist: OS service with legitimate volume handle] VOLUME_HANDLE :: PID 6508 (SearchIndexer) handle 4772
      Path: C:\WINDOWS\system32\SearchIndexer.exe
      Obj : \Device\HarddiskVolume3
[Info/whitelist: OS service with legitimate volume handle] VOLUME_HANDLE :: PID 15740 (dllhost) handle 612
      Path: C:\WINDOWS\system32\DllHost.exe
      Obj : \Device\HarddiskVolume3\

----- GIANT HIDDEN FILES IN TEMP -----
(none >= 1024 MB)

================================================================
 VERDICT: CLEAN - No indicators
================================================================
[*] JSON: C:\Users\Admin\Desktop\vscode\trickmewin\BDB-Guardian\captures\scan-20260919-215822.json
